// Vitest Snapshot v1, https://vitest.dev/guide/snapshot.html

exports[`Card > snapshot UI testing 1`] = `"Default Slot Card"`;
