// Vitest Snapshot v1, https://vitest.dev/guide/snapshot.html

exports[`SecondComp > snapshot UI testing 1`] = `"SecondCompThirdComp"`;
