// Vitest Snapshot v1, https://vitest.dev/guide/snapshot.html

exports[`ThirdComp > snapshot UI testing 1`] = `"ThirdComp"`;
